124.70.155.20 - - [14/Jun/2025:10:34:45 +0000] "GET /ws/vendor/phpunit/phpunit/src/Util/PHP/eval-stdin.php HTTP/1.1" 404 153 "-" "Custom-AsyncHttpClient"
124.70.155.20 - - [14/Jun/2025:10:34:45 +0000] "GET /yii/vendor/phpunit/phpunit/src/Util/PHP/eval-stdin.php HTTP/1.1" 404 153 "-" "Custom-AsyncHttpClient"
124.70.155.20 - - [14/Jun/2025:10:34:46 +0000] "GET /zend/vendor/phpunit/phpunit/src/Util/PHP/eval-stdin.php HTTP/1.1" 404 153 "-" "Custom-AsyncHttpClient"
124.70.155.20 - - [14/Jun/2025:10:34:46 +0000] "GET /ws/ec/vendor/phpunit/phpunit/src/Util/PHP/eval-stdin.php HTTP/1.1" 404 153 "-" "Custom-AsyncHttpClient"
124.70.155.20 - - [14/Jun/2025:10:34:47 +0000] "GET /V2/vendor/phpunit/phpunit/src/Util/PHP/eval-stdin.php HTTP/1.1" 404 153 "-" "Custom-AsyncHttpClient"
124.70.155.20 - - [14/Jun/2025:10:34:48 +0000] "GET /tests/vendor/phpunit/phpunit/src/Util/PHP/eval-stdin.php HTTP/1.1" 404 153 "-" "Custom-AsyncHttpClient"
124.70.155.20 - - [14/Jun/2025:10:34:48 +0000] "GET /test/vendor/phpunit/phpunit/src/Util/PHP/eval-stdin.php HTTP/1.1" 404 153 "-" "Custom-AsyncHttpClient"
124.70.155.20 - - [14/Jun/2025:10:34:49 +0000] "GET /testing/vendor/phpunit/phpunit/src/Util/PHP/eval-stdin.php HTTP/1.1" 404 153 "-" "Custom-AsyncHttpClient"
124.70.155.20 - - [14/Jun/2025:10:34:50 +0000] "GET /api/vendor/phpunit/phpunit/src/Util/PHP/eval-stdin.php HTTP/1.1" 404 153 "-" "Custom-AsyncHttpClient"
124.70.155.20 - - [14/Jun/2025:10:34:50 +0000] "GET /demo/vendor/phpunit/phpunit/src/Util/PHP/eval-stdin.php HTTP/1.1" 404 153 "-" "Custom-AsyncHttpClient"
91.47.31.198 - - [14/Jun/2025:10:34:51 +0000] "POST /ask HTTP/1.1" 200 2648 "https://eppstein.robinschleicher.de/" "Mozilla/5.0 (Windows NT 10.0; Win64; x64) AppleWebKit/537.36 (KHTML, like Gecko) Chrome/137.0.0.0 Safari/537.36"
124.70.155.20 - - [14/Jun/2025:10:34:52 +0000] "GET /cms/vendor/phpunit/phpunit/src/Util/PHP/eval-stdin.php HTTP/1.1" 404 153 "-" "Custom-AsyncHttpClient"
124.70.155.20 - - [14/Jun/2025:10:34:52 +0000] "GET /crm/vendor/phpunit/phpunit/src/Util/PHP/eval-stdin.php HTTP/1.1" 404 153 "-" "Custom-AsyncHttpClient"
124.70.155.20 - - [14/Jun/2025:10:34:52 +0000] "GET /admin/vendor/phpunit/phpunit/src/Util/PHP/eval-stdin.php HTTP/1.1" 404 153 "-" "Custom-AsyncHttpClient"
124.70.155.20 - - [14/Jun/2025:10:34:53 +0000] "GET /backup/vendor/phpunit/phpunit/src/Util/PHP/eval-stdin.php HTTP/1.1" 404 153 "-" "Custom-AsyncHttpClient"
124.70.155.20 - - [14/Jun/2025:10:34:53 +0000] "GET /blog/vendor/phpunit/phpunit/src/Util/PHP/eval-stdin.php HTTP/1.1" 404 153 "-" "Custom-AsyncHttpClient"
124.70.155.20 - - [14/Jun/2025:10:34:56 +0000] "GET /workspace/drupal/vendor/phpunit/phpunit/src/Util/PHP/eval-stdin.php HTTP/1.1" 404 153 "-" "Custom-AsyncHttpClient"
124.70.155.20 - - [14/Jun/2025:10:34:56 +0000] "GET /panel/vendor/phpunit/phpunit/src/Util/PHP/eval-stdin.php HTTP/1.1" 404 153 "-" "Custom-AsyncHttpClient"
124.70.155.20 - - [14/Jun/2025:10:34:56 +0000] "GET /public/vendor/phpunit/phpunit/src/Util/PHP/eval-stdin.php HTTP/1.1" 404 153 "-" "Custom-AsyncHttpClient"
124.70.155.20 - - [14/Jun/2025:10:34:57 +0000] "GET /apps/vendor/phpunit/phpunit/src/Util/PHP/eval-stdin.php HTTP/1.1" 404 153 "-" "Custom-AsyncHttpClient"
124.70.155.20 - - [14/Jun/2025:10:34:58 +0000] "GET /app/vendor/phpunit/phpunit/src/Util/PHP/eval-stdin.php HTTP/1.1" 404 153 "-" "Custom-AsyncHttpClient"
124.70.155.20 - - [14/Jun/2025:10:35:00 +0000] "GET /index.php?s=/index/\x5Cthink\x5Capp/invokefunction&function=call_user_func_array&vars[0]=md5&vars[1][]=Hello HTTP/1.1" 404 153 "-" "Custom-AsyncHttpClient"
124.70.155.20 - - [14/Jun/2025:10:35:00 +0000] "GET /public/index.php?s=/index/\x5Cthink\x5Capp/invokefunction&function=call_user_func_array&vars[0]=md5&vars[1][]=Hello HTTP/1.1" 404 153 "-" "Custom-AsyncHttpClient"
124.70.155.20 - - [14/Jun/2025:10:35:03 +0000] "GET /index.php?lang=../../../../../../../../usr/local/lib/php/pearcmd&+config-create+/&/<?echo(md5(\x22hi\x22));?>+/tmp/index1.php HTTP/1.1" 404 153 "-" "Custom-AsyncHttpClient"
124.70.155.20 - - [14/Jun/2025:10:35:03 +0000] "GET /index.php?lang=../../../../../../../../tmp/index1 HTTP/1.1" 404 153 "-" "Custom-AsyncHttpClient"
124.70.155.20 - - [14/Jun/2025:10:35:03 +0000] "GET /containers/json HTTP/1.1" 404 153 "-" "Custom-AsyncHttpClient"
91.47.31.198 - - [14/Jun/2025:10:37:32 +0000] "POST /ask HTTP/1.1" 200 936 "https://eppstein.robinschleicher.de/" "Mozilla/5.0 (Windows NT 10.0; Win64; x64) AppleWebKit/537.36 (KHTML, like Gecko) Chrome/137.0.0.0 Safari/537.36"
91.47.31.198 - - [14/Jun/2025:10:38:27 +0000] "POST /ask HTTP/1.1" 200 466 "https://eppstein.robinschleicher.de/" "Mozilla/5.0 (Windows NT 10.0; Win64; x64) AppleWebKit/537.36 (KHTML, like Gecko) Chrome/137.0.0.0 Safari/537.36"
91.47.31.198 - - [14/Jun/2025:10:38:29 +0000] "POST /ask HTTP/1.1" 200 466 "https://eppstein.robinschleicher.de/" "Mozilla/5.0 (Windows NT 10.0; Win64; x64) AppleWebKit/537.36 (KHTML, like Gecko) Chrome/137.0.0.0 Safari/537.36"
102.222.21.21 - - [14/Jun/2025:10:39:18 +0000] "POST /boaform/admin/formLogin HTTP/1.1" 301 169 "http://40.113.165.192:80/admin/login.asp" "Mozilla/5.0 (X11; Ubuntu; Linux x86_64; rv:71.0) Gecko/20100101 Firefox/71.0"
102.222.21.21 - - [14/Jun/2025:10:39:19 +0000] "" 400 0 "-" "-"
91.47.31.198 - - [14/Jun/2025:10:53:31 +0000] "POST /ask HTTP/1.1" 200 466 "https://eppstein.robinschleicher.de/" "Mozilla/5.0 (Windows NT 10.0; Win64; x64) AppleWebKit/537.36 (KHTML, like Gecko) Chrome/137.0.0.0 Safari/537.36"
91.47.31.198 - - [14/Jun/2025:10:53:38 +0000] "POST /ask HTTP/1.1" 200 936 "https://eppstein.robinschleicher.de/" "Mozilla/5.0 (Windows NT 10.0; Win64; x64) AppleWebKit/537.36 (KHTML, like Gecko) Chrome/137.0.0.0 Safari/537.36"
91.47.31.198 - - [14/Jun/2025:10:54:13 +0000] "POST /ask HTTP/1.1" 200 582 "https://eppstein.robinschleicher.de/" "Mozilla/5.0 (Windows NT 10.0; Win64; x64) AppleWebKit/537.36 (KHTML, like Gecko) Chrome/137.0.0.0 Safari/537.36"
185.218.84.178 - - [14/Jun/2025:10:54:37 +0000] "GET / HTTP/1.1" 301 169 "-" "Mozilla/5.0 (Windows NT 10.0; Win64; x64) AppleWebKit/537.36 (KHTML, like Gecko) Chrome/90.0.4430.85 Safari/537.36 Edg/90.0.818.46"
91.47.31.198 - - [14/Jun/2025:10:54:45 +0000] "POST /ask HTTP/1.1" 200 476 "https://eppstein.robinschleicher.de/" "Mozilla/5.0 (Windows NT 10.0; Win64; x64) AppleWebKit/537.36 (KHTML, like Gecko) Chrome/137.0.0.0 Safari/537.36"
91.47.31.198 - - [14/Jun/2025:10:54:46 +0000] "POST /ask HTTP/1.1" 200 476 "https://eppstein.robinschleicher.de/" "Mozilla/5.0 (Windows NT 10.0; Win64; x64) AppleWebKit/537.36 (KHTML, like Gecko) Chrome/137.0.0.0 Safari/537.36"
139.59.173.103 - - [14/Jun/2025:11:08:35 +0000] "GET / HTTP/1.1" 200 2641 "-" "Mozilla/5.0 (Windows NT 10.0; Win64; x64) AppleWebKit/537.36 (KHTML, like Gecko) Chrome/125.0.0.0 Safari/537.36"
139.59.173.103 - - [14/Jun/2025:11:08:36 +0000] "GET /favicon.ico HTTP/1.1" 404 153 "-" "Go-http-client/1.1"
139.59.173.103 - - [14/Jun/2025:11:08:36 +0000] "GET /robots.txt HTTP/1.1" 404 153 "-" "Go-http-client/1.1"
78.153.140.252 - - [14/Jun/2025:11:22:36 +0000] "GET /.env HTTP/1.1" 404 555 "-" "Mozilla/5.0 (Windows NT 10.0; Win64; x64) AppleWebKit/537.36 (KHTML, like Gecko) Chrome/116.0.5845.140 Safari/537.36"
78.153.140.252 - - [14/Jun/2025:11:22:37 +0000] "POST / HTTP/1.1" 405 559 "-" "Mozilla/5.0 (Windows NT 10.0; Win64; x64) AppleWebKit/537.36 (KHTML, like Gecko) Chrome/116.0.5845.140 Safari/537.36"
149.50.103.48 - - [14/Jun/2025:11:33:57 +0000] "GET / HTTP/1.1" 301 169 "-" "Mozilla/5.0 (Windows NT 10.0; Win64; x64) AppleWebKit/537.36 (KHTML, like Gecko) Chrome/90.0.4430.85 Safari/537.36 Edg/90.0.818.46"
5.62.57.7 - - [14/Jun/2025:11:34:31 +0000] "GET / HTTP/1.1" 301 169 "-" "Mozilla/5.0 (Windows NT 10.0; Win64; x64) AppleWebKit/537.36 (KHTML, like Gecko) Chrome/58.0.3029.110 Safari/537.3"
5.62.57.7 - - [14/Jun/2025:11:34:31 +0000] "GET / HTTP/1.1" 200 2641 "-" "Mozilla/5.0 (Windows NT 10.0; Win64; x64) AppleWebKit/537.36 (KHTML, like Gecko) Chrome/58.0.3029.110 Safari/537.3"
5.62.57.7 - - [14/Jun/2025:11:34:32 +0000] "GET /phpinfo.php HTTP/1.1" 301 169 "-" "Mozilla/5.0 (Windows NT 10.0; Win64; x64) AppleWebKit/537.36 (KHTML, like Gecko) Chrome/58.0.3029.110 Safari/537.3"
5.62.57.7 - - [14/Jun/2025:11:34:32 +0000] "GET /phpinfo.php HTTP/1.1" 404 555 "-" "Mozilla/5.0 (Windows NT 10.0; Win64; x64) AppleWebKit/537.36 (KHTML, like Gecko) Chrome/58.0.3029.110 Safari/537.3"
5.62.57.7 - - [14/Jun/2025:11:34:33 +0000] "GET /test.php HTTP/1.1" 301 169 "-" "Mozilla/5.0 (Windows NT 10.0; Win64; x64) AppleWebKit/537.36 (KHTML, like Gecko) Chrome/58.0.3029.110 Safari/537.3"
5.62.57.7 - - [14/Jun/2025:11:34:34 +0000] "GET /test.php HTTP/1.1" 404 555 "-" "Mozilla/5.0 (Windows NT 10.0; Win64; x64) AppleWebKit/537.36 (KHTML, like Gecko) Chrome/58.0.3029.110 Safari/537.3"
5.62.57.7 - - [14/Jun/2025:11:34:34 +0000] "GET /_profiler/phpinfo HTTP/1.1" 301 169 "-" "Mozilla/5.0 (Windows NT 10.0; Win64; x64) AppleWebKit/537.36 (KHTML, like Gecko) Chrome/58.0.3029.110 Safari/537.3"
5.62.57.7 - - [14/Jun/2025:11:34:35 +0000] "GET /_profiler/phpinfo HTTP/1.1" 404 555 "-" "Mozilla/5.0 (Windows NT 10.0; Win64; x64) AppleWebKit/537.36 (KHTML, like Gecko) Chrome/58.0.3029.110 Safari/537.3"
5.62.57.7 - - [14/Jun/2025:11:34:35 +0000] "GET /.env HTTP/1.1" 301 169 "-" "Mozilla/5.0 (Windows NT 10.0; Win64; x64) AppleWebKit/537.36 (KHTML, like Gecko) Chrome/58.0.3029.110 Safari/537.3"
5.62.57.7 - - [14/Jun/2025:11:34:36 +0000] "GET /.env HTTP/1.1" 404 555 "-" "Mozilla/5.0 (Windows NT 10.0; Win64; x64) AppleWebKit/537.36 (KHTML, like Gecko) Chrome/58.0.3029.110 Safari/537.3"
5.62.57.7 - - [14/Jun/2025:11:34:36 +0000] "GET / HTTP/1.1" 301 169 "-" "Mozilla/5.0 (Windows NT 10.0; Win64; x64) AppleWebKit/537.36 (KHTML, like Gecko) Chrome/58.0.3029.110 Safari/537.3"
5.62.57.7 - - [14/Jun/2025:11:34:37 +0000] "GET / HTTP/1.1" 200 2641 "-" "Mozilla/5.0 (Windows NT 10.0; Win64; x64) AppleWebKit/537.36 (KHTML, like Gecko) Chrome/58.0.3029.110 Safari/537.3"
5.62.57.7 - - [14/Jun/2025:11:34:37 +0000] "GET /index.php HTTP/1.1" 301 169 "-" "Mozilla/5.0 (Windows NT 10.0; Win64; x64) AppleWebKit/537.36 (KHTML, like Gecko) Chrome/58.0.3029.110 Safari/537.3"
5.62.57.7 - - [14/Jun/2025:11:34:38 +0000] "GET /index.php HTTP/1.1" 404 555 "-" "Mozilla/5.0 (Windows NT 10.0; Win64; x64) AppleWebKit/537.36 (KHTML, like Gecko) Chrome/58.0.3029.110 Safari/537.3"
5.62.57.7 - - [14/Jun/2025:11:34:39 +0000] "GET /.aws/credentials HTTP/1.1" 301 169 "-" "Mozilla/5.0 (Windows NT 10.0; Win64; x64) AppleWebKit/537.36 (KHTML, like Gecko) Chrome/58.0.3029.110 Safari/537.3"
5.62.57.7 - - [14/Jun/2025:11:34:39 +0000] "GET /.aws/credentials HTTP/1.1" 404 555 "-" "Mozilla/5.0 (Windows NT 10.0; Win64; x64) AppleWebKit/537.36 (KHTML, like Gecko) Chrome/58.0.3029.110 Safari/537.3"
93.174.93.12 - - [14/Jun/2025:11:38:48 +0000] "\x16\x03\x02\x01o\x01\x00\x01k\x03\x02RH\xC5\x1A#\xF7:N\xDF\xE2\xB4\x82/\xFF\x09T\x9F\xA7\xC4y\xB0h\xC6\x13\x8C\xA4\x1C=\x22\xE1\x1A\x98 \x84\xB4,\x85\xAFn\xE3Y\xBBbhl\xFF(=':\xA9\x82\xD9o\xC8\xA2\xD7\x93\x98\xB4\xEF\x80\xE5\xB9\x90\x00(\xC0" 400 157 "-" "-"
79.124.58.198 - - [14/Jun/2025:11:41:15 +0000] "GET / HTTP/1.1" 200 2641 "-" "Mozilla/5.0 (Windows NT 10.0; Win64; x64) AppleWebKit/537.36 (KHTML, like Gecko) Chrome/78.0.3904.108 Safari/537.36"
196.251.83.232 - - [14/Jun/2025:11:52:17 +0000] "GET /.env HTTP/1.1" 404 555 "-" "Mozilla/5.0 (Windows NT 10.0; Win64; x64) AppleWebKit/537.36 (KHTML, like Gecko) Chrome/78.0.3881.0 Safari/537.36"
204.76.203.206 - - [14/Jun/2025:11:53:33 +0000] "GET / HTTP/1.1" 301 169 "-" "-"
79.124.58.198 - - [14/Jun/2025:11:54:36 +0000] "POST /Autodiscover/Autodiscover.xml HTTP/1.1" 404 555 "-" "Mozilla/5.0 (Windows NT 10.0; Win64; x64) AppleWebKit/537.36 (KHTML, like Gecko) Chrome/78.0.3904.108 Safari/537.36"
213.232.87.234 - - [14/Jun/2025:12:00:28 +0000] "GET /dump.sql HTTP/1.1" 404 153 "-" "Go-http-client/1.1"
213.232.87.234 - - [14/Jun/2025:12:00:28 +0000] "GET /phpinfo.php HTTP/1.1" 404 153 "-" "Go-http-client/1.1"
213.232.87.234 - - [14/Jun/2025:12:00:28 +0000] "GET /feed HTTP/1.1" 404 153 "-" "Go-http-client/1.1"
213.232.87.234 - - [14/Jun/2025:12:00:28 +0000] "GET /.aws/credentials HTTP/1.1" 404 153 "-" "Go-http-client/1.1"
213.232.87.234 - - [14/Jun/2025:12:00:28 +0000] "GET /.svn/wc.db HTTP/1.1" 404 153 "-" "Go-http-client/1.1"
213.232.87.234 - - [14/Jun/2025:12:00:28 +0000] "GET /web.config HTTP/1.1" 404 153 "-" "Go-http-client/1.1"
213.232.87.234 - - [14/Jun/2025:12:00:28 +0000] "GET /config.yaml HTTP/1.1" 404 153 "-" "Go-http-client/1.1"
213.232.87.234 - - [14/Jun/2025:12:00:28 +0000] "GET /config/production.json HTTP/1.1" 404 153 "-" "Go-http-client/1.1"
213.232.87.234 - - [14/Jun/2025:12:00:28 +0000] "GET /config.php HTTP/1.1" 404 153 "-" "Go-http-client/1.1"
213.232.87.234 - - [14/Jun/2025:12:00:28 +0000] "GET /.env HTTP/1.1" 404 153 "-" "Go-http-client/1.1"
213.232.87.234 - - [14/Jun/2025:12:00:28 +0000] "GET /config.json HTTP/1.1" 404 153 "-" "Go-http-client/1.1"
213.232.87.234 - - [14/Jun/2025:12:00:28 +0000] "GET /wp-config.php HTTP/1.1" 404 153 "-" "Go-http-client/1.1"
213.232.87.234 - - [14/Jun/2025:12:00:28 +0000] "GET /server-status HTTP/1.1" 404 153 "-" "Go-http-client/1.1"
213.232.87.234 - - [14/Jun/2025:12:00:29 +0000] "GET /secrets.json HTTP/1.1" 404 153 "-" "Go-http-client/1.1"
213.232.87.234 - - [14/Jun/2025:12:00:29 +0000] "GET /server.key HTTP/1.1" 404 153 "-" "Go-http-client/1.1"
213.232.87.234 - - [14/Jun/2025:12:00:29 +0000] "GET /backup.tar.gz HTTP/1.1" 404 153 "-" "Go-http-client/1.1"
213.232.87.234 - - [14/Jun/2025:12:00:29 +0000] "GET /backup.zip HTTP/1.1" 404 153 "-" "Go-http-client/1.1"
213.232.87.234 - - [14/Jun/2025:12:00:29 +0000] "GET /config.yml HTTP/1.1" 404 153 "-" "Go-http-client/1.1"
213.232.87.234 - - [14/Jun/2025:12:00:29 +0000] "GET /.env.production HTTP/1.1" 404 153 "-" "Go-http-client/1.1"
213.232.87.234 - - [14/Jun/2025:12:00:29 +0000] "GET /user_secrets.yml HTTP/1.1" 404 153 "-" "Go-http-client/1.1"
213.232.87.234 - - [14/Jun/2025:12:00:29 +0000] "GET /.git/HEAD HTTP/1.1" 404 153 "-" "Go-http-client/1.1"
213.232.87.234 - - [14/Jun/2025:12:00:29 +0000] "GET /database.sql HTTP/1.1" 404 153 "-" "Go-http-client/1.1"
213.232.87.234 - - [14/Jun/2025:12:00:29 +0000] "GET /db/schema.rb HTTP/1.1" 404 153 "-" "Go-http-client/1.1"
213.232.87.234 - - [14/Jun/2025:12:00:29 +0000] "GET /.vscode/sftp.json HTTP/1.1" 404 153 "-" "Go-http-client/1.1"
213.232.87.234 - - [14/Jun/2025:12:00:29 +0000] "GET /api/.env HTTP/1.1" 404 153 "-" "Go-http-client/1.1"
213.232.87.234 - - [14/Jun/2025:12:00:29 +0000] "GET /docker-compose.yml HTTP/1.1" 404 153 "-" "Go-http-client/1.1"
213.232.87.234 - - [14/Jun/2025:12:00:29 +0000] "GET /backup.sql HTTP/1.1" 404 153 "-" "Go-http-client/1.1"
213.232.87.234 - - [14/Jun/2025:12:00:29 +0000] "GET /settings.py HTTP/1.1" 404 153 "-" "Go-http-client/1.1"
213.232.87.234 - - [14/Jun/2025:12:00:29 +0000] "GET /database_backup.sql HTTP/1.1" 404 153 "-" "Go-http-client/1.1"
213.232.87.234 - - [14/Jun/2025:12:00:29 +0000] "GET /.ssh/id_ecdsa HTTP/1.1" 404 153 "-" "Go-http-client/1.1"
213.232.87.234 - - [14/Jun/2025:12:00:29 +0000] "GET /cloud-config.yml HTTP/1.1" 404 153 "-" "Go-http-client/1.1"
213.232.87.234 - - [14/Jun/2025:12:00:29 +0000] "GET /etc/ssl/private/server.key HTTP/1.1" 404 153 "-" "Go-http-client/1.1"
213.232.87.234 - - [14/Jun/2025:12:00:29 +0000] "GET /.ssh/id_rsa HTTP/1.1" 404 153 "-" "Go-http-client/1.1"
213.232.87.234 - - [14/Jun/2025:12:00:29 +0000] "GET /wp-admin/setup-config.php HTTP/1.1" 404 153 "-" "Go-http-client/1.1"
213.232.87.234 - - [14/Jun/2025:12:00:29 +0000] "GET /_vti_pvt/service.pwd HTTP/1.1" 404 153 "-" "Go-http-client/1.1"
213.232.87.234 - - [14/Jun/2025:12:00:29 +0000] "GET /config.xml HTTP/1.1" 404 153 "-" "Go-http-client/1.1"
213.232.87.234 - - [14/Jun/2025:12:00:29 +0000] "GET /.ssh/id_ed25519 HTTP/1.1" 404 153 "-" "Go-http-client/1.1"
213.232.87.234 - - [14/Jun/2025:12:00:29 +0000] "GET / HTTP/1.1" 200 2641 "-" "Go-http-client/1.1"
68.69.186.106 - - [14/Jun/2025:12:04:51 +0000] "CONNECT www.google.com:443 HTTP/1.1" 400 157 "-" "-"
204.76.203.208 - - [14/Jun/2025:12:10:42 +0000] "PROPFIND / HTTP/1.1" 405 157 "-" "-"
79.124.58.198 - - [14/Jun/2025:12:11:33 +0000] "POST /vendor/phpunit/phpunit/src/Util/PHP/eval-stdin.php HTTP/1.1" 404 555 "-" "Mozilla/5.0 (Windows NT 10.0; Win64; x64) AppleWebKit/537.36 (KHTML, like Gecko) Chrome/78.0.3904.108 Safari/537.36"
152.53.248.175 - - [14/Jun/2025:12:22:34 +0000] "CONNECT www.google.com:443 HTTP/1.1" 400 157 "-" "-"
144.172.101.224 - - [14/Jun/2025:12:23:30 +0000] "GET / HTTP/1.0" 301 169 "-" "Mozilla/5.0 (X11; Ubuntu; Linux x86_64; rv:71.0) Gecko/20100101 Firefox/71.0"
204.76.203.212 - - [14/Jun/2025:12:32:01 +0000] "GET / HTTP/1.1" 301 169 "-" "Mozilla/5.0 (Windows NT 10.0; Win64; x64) AppleWebKit/537.36 (KHTML, like Gecko) Chrome/90.0.4430.85 Safari/537.36 Edg/90.0.818.46"
79.124.58.198 - - [14/Jun/2025:12:32:45 +0000] "GET /vendor/phpunit/phpunit/src/Util/PHP/eval-stdin.php HTTP/1.1" 404 555 "-" "Mozilla/5.0 (Windows NT 10.0; Win64; x64) AppleWebKit/537.36 (KHTML, like Gecko) Chrome/78.0.3904.108 Safari/537.36"
144.172.104.31 - - [14/Jun/2025:12:40:56 +0000] "GET / HTTP/1.1" 301 169 "-" "Mozilla/5.0 (X11; Ubuntu; Linux x86_64; rv:76.0) Gecko/20100101 Firefox/76.0"
68.69.186.106 - - [14/Jun/2025:12:44:47 +0000] "CONNECT www.google.com:443 HTTP/1.1" 400 157 "-" "-"
79.124.58.198 - - [14/Jun/2025:12:45:17 +0000] "GET /?XDEBUG_SESSION_START=phpstorm HTTP/1.1" 200 2641 "-" "Mozilla/5.0 (Windows NT 10.0; Win64; x64) AppleWebKit/537.36 (KHTML, like Gecko) Chrome/78.0.3904.108 Safari/537.36"
185.218.84.178 - - [14/Jun/2025:12:49:31 +0000] "GET / HTTP/1.1" 301 169 "-" "Mozilla/5.0 (Windows NT 10.0; Win64; x64) AppleWebKit/537.36 (KHTML, like Gecko) Chrome/90.0.4430.85 Safari/537.36 Edg/90.0.818.46"
167.94.138.189 - - [14/Jun/2025:12:50:43 +0000] "GET / HTTP/1.1" 200 2641 "-" "Mozilla/5.0 (compatible; CensysInspect/1.1; +https://about.censys.io/)"
167.94.138.189 - - [14/Jun/2025:12:51:38 +0000] "GET /favicon.ico HTTP/1.1" 404 153 "-" "Mozilla/5.0 (compatible; CensysInspect/1.1; +https://about.censys.io/)"
167.94.138.189 - - [14/Jun/2025:12:51:55 +0000] "GET /sitemap.xml HTTP/1.1" 404 153 "-" "Mozilla/5.0 (compatible; CensysInspect/1.1; +https://about.censys.io/)"
167.94.138.189 - - [14/Jun/2025:12:52:00 +0000] "GET /favicon.ico HTTP/1.1" 404 153 "-" "Mozilla/5.0 (compatible; CensysInspect/1.1; +https://about.censys.io/)"
3.146.99.138 - - [14/Jun/2025:12:53:56 +0000] "GET / HTTP/1.1" 200 2641 "-" "Mozilla/5.0 zgrab/0.x"
3.146.99.138 - - [14/Jun/2025:12:53:59 +0000] "GET / HTTP/1.1" 301 169 "-" "Mozilla/5.0 zgrab/0.x"
3.146.99.138 - - [14/Jun/2025:12:53:59 +0000] "GET / HTTP/1.1" 200 2641 "http://eppstein.robinschleicher.de/" "Mozilla/5.0 zgrab/0.x"
20.245.160.151 - - [14/Jun/2025:13:04:45 +0000] "GET / HTTP/1.1" 301 169 "-" "mrtscan/1.0 (westus)"
20.245.160.151 - - [14/Jun/2025:13:04:45 +0000] "GET / HTTP/1.1" 301 169 "-" "mrtscan/1.0 (westus)"
20.245.160.151 - - [14/Jun/2025:13:04:46 +0000] "\x16\x03\x01\x01/\x01\x00\x01+\x03\x03\xFF\xE3|\xBCU\xA0\xCE<T\x99\xA4t$\x1E\xC2\x8A\xE3\x85\x5C\xC7\x8B\x07\xE6\xE2N\xC3\x8Fw \xA0\x14z i\xD44\xD8_6\xFD;\xB6a\xECy\xA3oK\xB5v\x95{\x0E\x12\xE3B\xCE\x9B\xBFL\x1DHrC\xB0\x00>\x13\x02\x13\x03\x13\x01\xC0,\xC00\x00\x9F\xCC\xA9\xCC\xA8\xCC\xAA\xC0+\xC0/\x00\x9E\xC0$\xC0(\x00k\xC0#\xC0'\x00g\xC0" 400 157 "-" "-"
162.243.120.180 - - [14/Jun/2025:13:15:01 +0000] "GET /.git/config HTTP/1.1" 301 169 "-" "Mozilla/5.0; Keydrop.io/1.0(onlyscans.com/about);"
162.243.120.180 - - [14/Jun/2025:13:15:01 +0000] "GET /.env HTTP/1.1" 301 169 "-" "Mozilla/5.0; Keydrop.io/1.0(onlyscans.com/about);"
78.153.140.148 - - [14/Jun/2025:13:19:02 +0000] "GET /.env HTTP/1.1" 301 169 "-" "Mozilla/5.0 (Windows NT 10.0; Win64; x64) AppleWebKit/537.36 (KHTML, like Gecko) Chrome/116.0.5845.140 Safari/537.36"
78.153.140.148 - - [14/Jun/2025:13:19:02 +0000] "POST / HTTP/1.1" 301 169 "-" "Mozilla/5.0 (Windows NT 10.0; Win64; x64) AppleWebKit/537.36 (KHTML, like Gecko) Chrome/116.0.5845.140 Safari/537.36"
204.76.203.206 - - [14/Jun/2025:13:27:33 +0000] "GET / HTTP/1.1" 301 169 "-" "-"
40.124.114.161 - - [14/Jun/2025:13:30:49 +0000] "GET /portal/redlion HTTP/1.1" 301 169 "-" "Mozilla/5.0 zgrab/0.x"
79.124.58.198 - - [14/Jun/2025:13:31:13 +0000] "GET /console/ HTTP/1.1" 404 555 "-" "Mozilla/5.0 (Windows NT 10.0; Win64; x64) AppleWebKit/537.36 (KHTML, like Gecko) Chrome/78.0.3904.108 Safari/537.36"
64.62.156.142 - - [14/Jun/2025:13:54:02 +0000] "GET / HTTP/1.1" 200 2641 "-" "Mozilla/5.0 (X11; OpenBSD amd64; rv:109.0) Gecko/20100101 Firefox/115.0"
45.79.172.21 - - [14/Jun/2025:13:54:49 +0000] "\x16\x03\x01\x01" 400 157 "-" "-"
45.79.172.21 - - [14/Jun/2025:13:54:50 +0000] "\x16\x03\x01\x01" 400 157 "-" "-"
20.65.193.199 - - [14/Jun/2025:13:58:46 +0000] "GET / HTTP/1.1" 301 169 "-" "Mozilla/5.0 zgrab/0.x"
79.124.58.198 - - [14/Jun/2025:14:00:21 +0000] "GET /_ignition/execute-solution HTTP/1.1" 404 555 "-" "Mozilla/5.0 (Windows NT 10.0; Win64; x64) AppleWebKit/537.36 (KHTML, like Gecko) Chrome/78.0.3904.108 Safari/537.36"
172.184.180.3 - - [14/Jun/2025:14:00:25 +0000] "GET / HTTP/1.1" 400 255 "-" "mrtscan/1.0 (westus)"
172.184.180.3 - - [14/Jun/2025:14:00:25 +0000] "GET / HTTP/1.1" 400 255 "-" "mrtscan/1.0 (westus)"
172.184.180.3 - - [14/Jun/2025:14:00:26 +0000] "GET / HTTP/1.1" 200 2641 "-" "mrtscan/1.0 (westus)"
172.184.180.3 - - [14/Jun/2025:14:00:26 +0000] "GET / HTTP/1.1" 200 2641 "-" "mrtscan/1.0 (westus)"
172.184.180.3 - - [14/Jun/2025:14:00:26 +0000] "GET / HTTP/1.1" 200 2641 "-" "mrtscan/1.0 (westus)"
204.76.203.208 - - [14/Jun/2025:14:01:10 +0000] "PROPFIND / HTTP/1.1" 405 157 "-" "-"
144.172.116.56 - - [14/Jun/2025:14:10:00 +0000] "POST /boaform/admin/formLogin HTTP/1.1" 301 169 "http://40.113.165.192:80/admin/login.asp" "Mozilla/5.0 (X11; Ubuntu; Linux x86_64; rv:71.0) Gecko/20100101 Firefox/71.0"
144.172.116.56 - - [14/Jun/2025:14:10:00 +0000] "" 400 0 "-" "-"
79.124.58.198 - - [14/Jun/2025:14:29:54 +0000] "GET / HTTP/1.1" 200 2641 "-" "Mozilla/5.0 (Windows NT 10.0; Win64; x64) AppleWebKit/537.36 (KHTML, like Gecko) Chrome/78.0.3904.108 Safari/537.36"
179.60.146.103 - - [14/Jun/2025:14:31:50 +0000] "GET /RDWeb/Pages/ HTTP/1.1" 404 555 "-" "Mozilla/5.0 (Windows NT 10.0; Win64; x64) AppleWebKit/537.36 (KHTML, like Gecko) Chrome/115.0.0.0 Safari/537.36 Edg/115.0.1901.203"
64.62.156.148 - - [14/Jun/2025:14:33:37 +0000] "GET /webui/ HTTP/1.1" 404 555 "-" "Mozilla/5.0 (Windows NT 10.0; Win64; x64) AppleWebKit/537.36 (KHTML, like Gecko) Chrome/109.0.0.0 Safari/537.36 OPR/95.0.0.0 (Edition Yx 05)"
79.124.58.198 - - [14/Jun/2025:14:44:36 +0000] "GET / HTTP/1.1" 200 2641 "-" "Mozilla/5.0 (Windows NT 10.0; Win64; x64) AppleWebKit/537.36 (KHTML, like Gecko) Chrome/78.0.3904.108 Safari/537.36"
204.76.203.212 - - [14/Jun/2025:14:44:51 +0000] "GET / HTTP/1.1" 301 169 "-" "Mozilla/5.0 (Windows NT 10.0; Win64; x64) AppleWebKit/537.36 (KHTML, like Gecko) Chrome/90.0.4430.85 Safari/537.36 Edg/90.0.818.46"
196.251.88.60 - - [14/Jun/2025:14:48:35 +0000] "GET /_profiler/phpinfo HTTP/1.1" 404 555 "-" "Mozilla/5.0 (Windows NT 10.0; WOW64) AppleWebKit/537.36 (KHTML, like Gecko) Chrome/53.0.2785.90 Safari/537.36 Vivaldi/1.4.589.11"
196.251.88.60 - - [14/Jun/2025:14:49:15 +0000] "GET /.env HTTP/1.1" 404 555 "-" "Mozilla/4.0 (compatible; MSIE 6.0; Windows CE; IEMobile 6.12; Microsoft ZuneHD 4.3)"
64.62.156.144 - - [14/Jun/2025:14:54:09 +0000] "GET /favicon.ico HTTP/1.1" 404 153 "-" "Mozilla/5.0 (X11; Ubuntu; Linux x86_64; rv:125.0) Gecko/20100101 Firefox/125.0"
3.137.73.221 - - [14/Jun/2025:14:57:02 +0000] "GET / HTTP/1.1" 400 657 "-" "Mozilla/5.0 (Macintosh; Intel Mac OS X 10_15_7) Chrome/126.0.0.0 Safari/537.36"
3.137.73.221 - - [14/Jun/2025:14:57:28 +0000] "GET / HTTP/1.1" 400 657 "-" "Mozilla/5.0 (Macintosh; Intel Mac OS X 10_15_7) Chrome/126.0.0.0 Safari/537.36"
3.137.73.221 - - [14/Jun/2025:14:59:49 +0000] "SSH-2.0-Go" 400 157 "-" "-"
185.218.84.178 - - [14/Jun/2025:15:00:33 +0000] "GET / HTTP/1.1" 301 169 "-" "Mozilla/5.0 (Windows NT 10.0; Win64; x64) AppleWebKit/537.36 (KHTML, like Gecko) Chrome/90.0.4430.85 Safari/537.36 Edg/90.0.818.46"
3.137.73.221 - - [14/Jun/2025:15:01:22 +0000] "GET / HTTP/1.1" 200 2641 "-" "Mozilla/5.0 (Macintosh; Intel Mac OS X 10_15_7) Chrome/126.0.0.0 Safari/537.36"
3.137.73.221 - - [14/Jun/2025:15:03:31 +0000] "" 400 0 "-" "-"
186.21.193.37 - - [14/Jun/2025:15:17:30 +0000] "GET / HTTP/1.1" 301 169 "-" "Hello-World/1.0"
186.21.193.37 - - [14/Jun/2025:15:17:31 +0000] "\x00\x00\x00\x00\x00\x00\x00\x00\x00\x00\x00\x00\x00\x00\x00\x00\x00\x00\x00\x00\x00\x00\x00\x00\x00\x00\x00\x00\x00\x00\x00\x00\x00\x00\x00\x00\x00\x00\x00\x00\x00\x00\x00\x00\x00\x00\x00\x00\x00\x00\x00\x00\x00\x00\x00\x00\x00\x00\x00\x00\x00\x00\x00\x00\x00\x00\x00\x00\x00\x00\x00\x00\x00\x00\x00\x00\x00\x00\x00\x00\x00\x00\x00\x00\x00\x00\x00\x00\x00\x00\x00\x00\x00\x00\x00\x00\x00\x00\x00\x00\x00\x00\x00\x00\x00\x00\x00\x00\x00\x00\x00\x00\x00\x00\x00\x00\x00\x00\x00\x00\x00\x00\x00\x00\x00\x00\x00\x00\x00\x00\x00\x00\x00\x00\x00\x00\x00\x00\x00\x00\x00\x00\x00\x00\x00\x00\x00\x00\x00\x00\x00\x00\x00\x00\x00\x00\x00\x00\x00\x00\x00\x00\x00" 400 157 "-" "-"
78.153.140.148 - - [14/Jun/2025:15:18:41 +0000] "GET /.env HTTP/1.1" 301 169 "-" "Mozilla/5.0 (Windows NT 10.0; Win64; x64) AppleWebKit/537.36 (KHTML, like Gecko) Chrome/116.0.5845.140 Safari/537.36"
78.153.140.148 - - [14/Jun/2025:15:18:41 +0000] "POST / HTTP/1.1" 301 169 "-" "Mozilla/5.0 (Windows NT 10.0; Win64; x64) AppleWebKit/537.36 (KHTML, like Gecko) Chrome/116.0.5845.140 Safari/537.36"
196.251.83.25 - - [14/Jun/2025:15:19:44 +0000] "GET /.env HTTP/1.1" 404 555 "-" "Mozilla/5.0 (Macintosh; Intel Mac OS X 10_14_6) AppleWebKit/537.36 (KHTML, like Gecko) Chrome/78.0.3888.0 Safari/537.36"
79.124.58.198 - - [14/Jun/2025:15:27:12 +0000] "GET /actuator/gateway/routes HTTP/1.1" 404 555 "-" "Mozilla/5.0 (Windows NT 10.0; Win64; x64) AppleWebKit/537.36 (KHTML, like Gecko) Chrome/78.0.3904.108 Safari/537.36"
64.62.156.146 - - [14/Jun/2025:15:28:42 +0000] "GET / HTTP/1.1" 200 2641 "-" "Mozilla/5.0 (X11; OpenBSD amd64; rv:109.0) Gecko/20100101 Firefox/115.0"
87.236.176.151 - - [14/Jun/2025:15:34:04 +0000] "GET / HTTP/1.1" 200 2641 "-" "Mozilla/5.0 (compatible; InternetMeasurement/1.0; +https://internet-measurement.com/)"
204.76.203.208 - - [14/Jun/2025:15:35:14 +0000] "PROPFIND / HTTP/1.1" 405 157 "-" "-"
5.183.209.244 - - [14/Jun/2025:15:35:43 +0000] "GET / HTTP/1.1" 301 169 "-" "Mozilla/5.0 (Windows NT 10.0; Win64; x64) AppleWebKit/537.36 (KHTML, like Gecko) Chrome/90.0.4430.85 Safari/537.36 Edg/90.0.818.46"
188.60.68.186 - - [14/Jun/2025:15:36:58 +0000] "GET / HTTP/1.0" 301 169 "-" "-"
70.39.90.206 - - [14/Jun/2025:15:38:54 +0000] "GET /favicon.ico HTTP/1.1" 301 169 "-" "Mozilla/5.0 (Windows NT 10.0; Win64; x64) AppleWebKit/537.36 (KHTML, like Gecko) Chrome/108.0.0.0 Safari/537.36"
70.39.90.206 - - [14/Jun/2025:15:38:55 +0000] "GET /1.php HTTP/1.1" 301 169 "-" "Mozilla/5.0 (Windows NT 10.0; Win64; x64) AppleWebKit/537.36 (KHTML, like Gecko) Chrome/108.0.0.0 Safari/537.36"
70.39.90.206 - - [14/Jun/2025:15:38:55 +0000] "GET /systembc/password.php HTTP/1.1" 301 169 "-" "Mozilla/5.0 (Windows NT 10.0; Win64; x64) AppleWebKit/537.36 (KHTML, like Gecko) Chrome/108.0.0.0 Safari/537.36"
70.39.90.206 - - [14/Jun/2025:15:38:55 +0000] "GET /password.php HTTP/1.1" 301 169 "-" "Mozilla/5.0 (Windows NT 10.0; Win64; x64) AppleWebKit/537.36 (KHTML, like Gecko) Chrome/108.0.0.0 Safari/537.36"
70.39.90.206 - - [14/Jun/2025:15:38:56 +0000] "\x16\x03\x01\x00u\x01\x00\x00q\x03\x03\xC6)\xD5{+B3>\x09\xB7\x8Cg\xCE\x96\x9E\x06CK\x8C?I<-({o\xA1\x0C\x08\xCB\x88D\x00\x00\x1A\xC0/\xC0+\xC0\x11\xC0\x07\xC0\x13\xC0\x09\xC0\x14\xC0" 400 157 "-" "-"
70.39.90.206 - - [14/Jun/2025:15:38:56 +0000] "\x16\x03\x01\x00u\x01\x00\x00q\x03\x03\xAAi\xD6\xA53\x14\xDB\x8D\xC0\xF4,M*v$\x1DG\xB1\xD0\xC1\x11\x89+\xC9\xF4\x01\x85\xB3qLr\x04\x00\x00\x1A\xC0/\xC0+\xC0\x11\xC0\x07\xC0\x13\xC0\x09\xC0\x14\xC0" 400 157 "-" "-"
70.39.90.206 - - [14/Jun/2025:15:38:56 +0000] "\x16\x03\x01\x00u\x01\x00\x00q\x03\x03\xC7\xEC?\x851\xFF\xF7k4X G3\xF4Is\xE13f\xF2\xD0g\x06\xD9\xB9\x9F\xD7\x06\xDC\xA2H\x85\x00\x00\x1A\xC0/\xC0+\xC0\x11\xC0\x07\xC0\x13\xC0\x09\xC0\x14\xC0" 400 157 "-" "-"
70.39.90.206 - - [14/Jun/2025:15:38:56 +0000] "GET /form.html HTTP/1.1" 301 169 "-" "curl/8.1.2"
70.39.90.206 - - [14/Jun/2025:15:38:56 +0000] "GET /upl.php HTTP/1.1" 301 169 "-" "Mozilla/5.0"
70.39.90.206 - - [14/Jun/2025:15:38:57 +0000] "GET /t4 HTTP/1.1" 301 169 "-" "Mozilla/5.0"
70.39.90.206 - - [14/Jun/2025:15:38:57 +0000] "GET /geoip/ HTTP/1.1" 301 169 "-" "Mozilla/5.0 (Windows NT 10.0; Win64; x64) AppleWebKit/537.36 (KHTML, like Gecko) Chrome/108.0.0.0 Safari/537.36"
79.124.58.198 - - [14/Jun/2025:15:59:11 +0000] "GET /geoserver HTTP/1.1" 404 555 "-" "Mozilla/5.0 (Windows NT 10.0; Win64; x64) AppleWebKit/537.36 (KHTML, like Gecko) Chrome/78.0.3904.108 Safari/537.36"
79.124.58.198 - - [14/Jun/2025:15:59:53 +0000] "GET / HTTP/1.1" 200 2641 "-" "Mozilla/5.0 (Windows NT 10.0; Win64; x64) AppleWebKit/537.36 (KHTML, like Gecko) Chrome/78.0.3904.108 Safari/537.36"
196.251.71.232 - - [14/Jun/2025:16:09:06 +0000] "GET /.env HTTP/1.1" 404 153 "-" "Jigsaw/2.2.5 W3C_CSS_Validator_JFouffa/2.0"
194.163.152.77 - - [14/Jun/2025:16:09:10 +0000] "GET / HTTP/1.1" 200 2641 "-" "TurnitinBot (https://turnitin.com/robot/crawlerinfo.html)"
78.153.140.252 - - [14/Jun/2025:16:11:45 +0000] "GET /.env HTTP/1.1" 404 555 "-" "Mozilla/5.0 (Windows NT 10.0; Win64; x64) AppleWebKit/537.36 (KHTML, like Gecko) Chrome/116.0.5845.140 Safari/537.36"
78.153.140.252 - - [14/Jun/2025:16:11:46 +0000] "POST / HTTP/1.1" 405 559 "-" "Mozilla/5.0 (Windows NT 10.0; Win64; x64) AppleWebKit/537.36 (KHTML, like Gecko) Chrome/116.0.5845.140 Safari/537.36"
93.174.93.12 - - [14/Jun/2025:16:14:51 +0000] "GET / HTTP/1.0" 301 169 "-" "SEC-SGHX820/1.0 NetFront/3.2 Profile/MIDP-2.0 Configuration/CLDC-1.1"
204.76.203.206 - - [14/Jun/2025:16:23:03 +0000] "GET / HTTP/1.1" 301 169 "-" "-"
79.124.58.198 - - [14/Jun/2025:16:32:21 +0000] "GET / HTTP/1.1" 200 2641 "-" "Mozilla/5.0 (Windows NT 10.0; Win64; x64) AppleWebKit/537.36 (KHTML, like Gecko) Chrome/78.0.3904.108 Safari/537.36"
194.187.178.179 - - [14/Jun/2025:16:43:02 +0000] "GET / HTTP/1.1" 301 169 "-" "Mozilla/5.0 (Windows NT 10.0; Win64; x64; rv:65.0) Gecko/20100101 Firefox/65.0"
204.76.203.212 - - [14/Jun/2025:16:46:31 +0000] "GET / HTTP/1.1" 301 169 "-" "Mozilla/5.0 (Windows NT 10.0; Win64; x64) AppleWebKit/537.36 (KHTML, like Gecko) Chrome/90.0.4430.85 Safari/537.36 Edg/90.0.818.46"
64.62.156.144 - - [14/Jun/2025:16:51:14 +0000] "GET /geoserver/web/ HTTP/1.1" 404 555 "-" "Mozilla/5.0 (Windows NT 10.0; Win64; x64) AppleWebKit/537.36 (KHTML, like Gecko) Chrome/109.0.0.0 Safari/537.36 OPR/95.0.0.0 (Edition Yx 05)"
185.218.84.178 - - [14/Jun/2025:16:53:59 +0000] "GET / HTTP/1.1" 301 169 "-" "Mozilla/5.0 (Windows NT 10.0; Win64; x64) AppleWebKit/537.36 (KHTML, like Gecko) Chrome/90.0.4430.85 Safari/537.36 Edg/90.0.818.46"
80.82.77.202 - - [14/Jun/2025:17:00:15 +0000] "GET / HTTP/1.0" 301 169 "-" "Mozilla/4.0 (compatible; MSIE 8.0; Windows NT 6.0; Trident/4.0)"
64.62.156.143 - - [14/Jun/2025:17:08:37 +0000] "GET /.git/config HTTP/1.1" 404 153 "-" "Mozilla/5.0 (Macintosh; Intel Mac OS X 10.14; rv:62.0) Gecko/20100101 Firefox/62.0"
132.145.92.80 - - [14/Jun/2025:17:10:18 +0000] "GET / HTTP/1.1" 400 657 "-" "Mozilla/5.0 (Windows NT 10.0; Win64; x64) AppleWebKit/537.36 (KHTML, like Gecko) Chrome/70.0.3538.110 Safari/537.36"
204.76.203.208 - - [14/Jun/2025:17:19:45 +0000] "PROPFIND / HTTP/1.1" 405 157 "-" "-"
54.87.236.129 - - [14/Jun/2025:17:20:51 +0000] "GET / HTTP/1.1" 200 2641 "-" "Mozilla/5.0 (Windows NT 10.0; WOW64) AppleWebKit/537.36 (KHTML, like Gecko) Maxthon/5.0.4.3000 Chrome/47.0.2526.73 Safari/537.36"
152.53.248.175 - - [14/Jun/2025:17:21:29 +0000] "CONNECT www.google.com:443 HTTP/1.1" 400 157 "-" "-"
149.50.103.48 - - [14/Jun/2025:17:29:51 +0000] "GET / HTTP/1.1" 301 169 "-" "Mozilla/5.0 (Windows NT 10.0; Win64; x64) AppleWebKit/537.36 (KHTML, like Gecko) Chrome/90.0.4430.85 Safari/537.36 Edg/90.0.818.46"
78.153.140.252 - - [14/Jun/2025:17:42:35 +0000] "GET /.env HTTP/1.1" 404 555 "-" "Mozilla/5.0 (Windows NT 10.0; Win64; x64) AppleWebKit/537.36 (KHTML, like Gecko) Chrome/116.0.5845.140 Safari/537.36"
78.153.140.252 - - [14/Jun/2025:17:42:36 +0000] "POST / HTTP/1.1" 405 559 "-" "Mozilla/5.0 (Windows NT 10.0; Win64; x64) AppleWebKit/537.36 (KHTML, like Gecko) Chrome/116.0.5845.140 Safari/537.36"
68.69.186.106 - - [14/Jun/2025:17:47:07 +0000] "CONNECT www.google.com:443 HTTP/1.1" 400 157 "-" "-"
45.131.155.254 - - [14/Jun/2025:17:54:31 +0000] "\x16\x03\x01\x00\xE2\x01\x00\x00\xDE\x03\x03?u\x1D\x83\xBE\xA6Sb\xC5p\xC5\xBE\xCB\x84\x19@a\x85\xF8D\xD96\x01MN\x07'_\x98c\xD6\xA7 \xC9\x92\xEC\xBC\xD5\x22\x97\x05\x8C\xC6\xA6\x97JR\x83\xB9\xB2/FZ\xD6\x9E\x80jQ\x08\x90\x87F\xFFj\x8A\x00\x1A\xC0+\xC0/\xC0,\xC00\xCC\xA9\xCC\xA8\xC0\x09\xC0\x13\xC0" 400 157 "-" "-"
45.131.155.254 - - [14/Jun/2025:17:54:42 +0000] "\x16\x03\x01\x00\xE2\x01\x00\x00\xDE\x03\x03\x8B\xB2\xDE\x9F>\x0B\xC7q@7~\xF8\xF4ou)\x9F\x96\x00\xD3PW\xFFNfE\xA6\xF8+9e\x85 .r\xF5\xFD2\xE3z\x80\x8EC>\xD1?\x00\xF8]\x1C\xFDKu\x81\x94Ot\xFE\xD0\xB9tY\x88}\x09\x00\x1A\xC0+\xC0/\xC0,\xC00\xCC\xA9\xCC\xA8\xC0\x09\xC0\x13\xC0" 400 157 "-" "-"
45.131.155.254 - - [14/Jun/2025:17:54:43 +0000] "\x16\x03\x01\x00\xF4\x01\x00\x00\xF0\x03\x03\x11K(\xC1\x86\xFEUi\xD0\xB7#Xn\xA7\xA4hsQ\xBCGd\x18u\x8B\xDF\xA1\xF9\x8B\x943\x0B! \x04\xEE\xB6R\xBA\xFFc.\x08\xA3\xBDu\x16\xFC\x7F\x1D@\xBE\xA4\xECA\xAF4i\x0F\x85\xB5\x99\xE2HH\x03\x00\x1A\xC0+\xC0/\xC0,\xC00\xCC\xA9\xCC\xA8\xC0\x09\xC0\x13\xC0" 400 157 "-" "-"
45.131.155.254 - - [14/Jun/2025:17:54:43 +0000] "GET / HTTP/1.1" 301 169 "-" "Mozilla/5.0 (Windows NT 10.0; Win64; x64) AppleWebKit/537.36 (KHTML, like Gecko) Chrome/108.0.0.0 Safari/537.36"
20.15.162.204 - - [14/Jun/2025:18:19:30 +0000] "GET /developmentserver/metadatauploader HTTP/1.1" 301 169 "-" "Mozilla/5.0 zgrab/0.x"
171.34.168.65 - - [14/Jun/2025:18:25:01 +0000] "GET / HTTP/1.1" 200 2641 "-" "-"
112.94.253.45 - - [14/Jun/2025:18:25:03 +0000] "REQMOD icap://icap-server.net/server?arg=87 ICAP/1.0" 400 157 "-" "-"
20.65.193.168 - - [14/Jun/2025:18:25:22 +0000] "GET /owa/auth/logon.aspx HTTP/1.1" 404 153 "-" "Mozilla/5.0 zgrab/0.x"
58.59.246.79 - - [14/Jun/2025:18:25:35 +0000] "GET / HTTP/1.1" 400 657 "-" "Mozilla/5.0 (Windows NT 6.1) AppleWebKit/537.36 (KHTML, like Gecko) Chrome/49.0.2623.112 Safari/537.36"
149.57.180.12 - - [14/Jun/2025:18:29:11 +0000] "GET / HTTP/1.1" 200 2641 "-" "Mozilla/5.0 (X11; Linux i686; rv:109.0) Gecko/20100101 Firefox/120.0"
78.153.140.148 - - [14/Jun/2025:18:31:43 +0000] "GET /.env HTTP/1.1" 301 169 "-" "Mozilla/5.0 (Windows NT 10.0; Win64; x64) AppleWebKit/537.36 (KHTML, like Gecko) Chrome/116.0.5845.140 Safari/537.36"
78.153.140.148 - - [14/Jun/2025:18:31:44 +0000] "POST / HTTP/1.1" 301 169 "-" "Mozilla/5.0 (Windows NT 10.0; Win64; x64) AppleWebKit/537.36 (KHTML, like Gecko) Chrome/116.0.5845.140 Safari/537.36"
154.28.229.63 - - [14/Jun/2025:18:35:57 +0000] "GET / HTTP/1.1" 200 2641 "-" "Mozilla/5.0 (Macintosh; Intel Mac OS X 10_15_7) AppleWebKit/537.36 (KHTML, like Gecko) Chrome/117.0.0.0 Safari/537.36"
154.28.229.79 - - [14/Jun/2025:18:35:57 +0000] "GET / HTTP/1.1" 200 2641 "-" "Mozilla/5.0 (Macintosh; Intel Mac OS X 10_15_7) AppleWebKit/537.36 (KHTML, like Gecko) Chrome/117.0.0.0 Safari/537.36"
154.28.229.79 - - [14/Jun/2025:18:36:06 +0000] "GET / HTTP/1.1" 200 2641 "-" "Mozilla/5.0 (Windows NT 10.0; Win64; x64) AppleWebKit/537.36 (KHTML, like Gecko) Chrome/117.0.0.0 Safari/537.36"
45.82.78.254 - - [14/Jun/2025:18:38:26 +0000] "GET / HTTP/1.1" 200 2641 "-" "Mozilla/5.0 (Macintosh; Intel Mac OS X 10_15_7) AppleWebKit/537.36 (KHTML, like Gecko) Chrome/111.0.0.0 Safari/537.36"
185.218.84.178 - - [14/Jun/2025:18:40:50 +0000] "GET / HTTP/1.1" 301 169 "-" "Mozilla/5.0 (Windows NT 10.0; Win64; x64) AppleWebKit/537.36 (KHTML, like Gecko) Chrome/90.0.4430.85 Safari/537.36 Edg/90.0.818.46"
54.92.193.233 - - [14/Jun/2025:19:01:07 +0000] "GET / HTTP/1.1" 200 2641 "-" "Mozilla/5.0 (Windows NT 10.0; Win64; x64) AppleWebKit/537.36 (KHTML, like Gecko) Chrome/136.0.0.0 Safari/537.36"
199.45.155.73 - - [14/Jun/2025:19:07:51 +0000] "GET / HTTP/1.1" 200 2641 "-" "Mozilla/5.0 (compatible; CensysInspect/1.1; +https://about.censys.io/)"
199.45.155.73 - - [14/Jun/2025:19:07:52 +0000] "GET /favicon.ico HTTP/1.1" 404 153 "-" "Mozilla/5.0 (compatible; CensysInspect/1.1; +https://about.censys.io/)"
199.45.155.73 - - [14/Jun/2025:19:08:12 +0000] "GET /favicon.ico HTTP/1.1" 404 153 "-" "Mozilla/5.0 (compatible; CensysInspect/1.1; +https://about.censys.io/)"
199.45.155.73 - - [14/Jun/2025:19:08:20 +0000] "GET /security.txt HTTP/1.1" 404 153 "-" "Mozilla/5.0 (compatible; CensysInspect/1.1; +https://about.censys.io/)"
204.76.203.212 - - [14/Jun/2025:19:08:22 +0000] "GET / HTTP/1.1" 301 169 "-" "Mozilla/5.0 (Windows NT 10.0; Win64; x64) AppleWebKit/537.36 (KHTML, like Gecko) Chrome/90.0.4430.85 Safari/537.36 Edg/90.0.818.46"
199.45.155.73 - - [14/Jun/2025:19:08:22 +0000] "GET /favicon.ico HTTP/1.1" 404 153 "-" "Mozilla/5.0 (compatible; CensysInspect/1.1; +https://about.censys.io/)"
204.76.203.208 - - [14/Jun/2025:19:08:56 +0000] "PROPFIND / HTTP/1.1" 405 157 "-" "-"
35.175.245.164 - - [14/Jun/2025:19:10:34 +0000] "GET / HTTP/1.1" 301 169 "-" "Mozilla/5.0 (Windows NT 10.0; Win64; x64) AppleWebKit/537.36 (KHTML, like Gecko) Chrome/136.0.0.0 Safari/537.36"
147.185.132.59 - - [14/Jun/2025:19:10:51 +0000] "\x00\x00\x001\xFFSMBr\x00\x00\x00\x00\x18Eh\x00\x00\x00\x00\x00\x00\x00\x00\x00\x00\x00\x00\x00\x00\xB5}\x00\x00\x01\x00\x00\x0E\x00\x02NT LM 0.12\x00\x02\x00" 400 157 "-" "-"
147.185.132.59 - - [14/Jun/2025:19:10:51 +0000] "\x00\x00\x00f\xFESMB@\x00\x00\x00\x00\x00\x00\x00\x00\x00\x00\x00\x00\x00\x00\x00\x00\x00\x00\x00\x00\x00\x00\x00\x00\x00\x00\x00\x00\x00\x00\x00\x00\x00\x00\x00\x00\x00\x00\x00\x00\x00\x00\x001234567890123456$\x00\x01\x00\x01\x00\x00\x00\x00\x00\x00\x001234567890123456\x00\x00\x00\x00\x00\x00\x00\x00\x02\x02" 400 157 "-" "-"
147.185.132.59 - - [14/Jun/2025:19:10:51 +0000] "\x00\x00\x00f\xFESMB@\x00\x00\x00\x00\x00\x00\x00\x00\x00\x00\x00\x00\x00\x00\x00\x00\x00\x00\x00\x00\x00\x00\x00\x00\x00\x00\x00\x00\x00\x00\x00\x00\x00\x00\x00\x00\x00\x00\x00\x00\x00\x00\x001234567890123456$\x00\x01\x00\x01\x00\x00\x00\x00\x00\x00\x001234567890123456\x00\x00\x00\x00\x00\x00\x00\x00\x10\x02" 400 157 "-" "-"
147.185.132.59 - - [14/Jun/2025:19:10:52 +0000] "\x00\x00\x00f\xFESMB@\x00\x00\x00\x00\x00\x00\x00\x00\x00\x00\x00\x00\x00\x00\x00\x00\x00\x00\x00\x00\x00\x00\x00\x00\x00\x00\x00\x00\x00\x00\x00\x00\x00\x00\x00\x00\x00\x00\x00\x00\x00\x00\x001234567890123456$\x00\x01\x00\x01\x00\x00\x00\x00\x00\x00\x001234567890123456\x00\x00\x00\x00\x00\x00\x00\x00\x00\x03" 400 157 "-" "-"
147.185.132.59 - - [14/Jun/2025:19:10:52 +0000] "\x00\x00\x00f\xFESMB@\x00\x00\x00\x00\x00\x00\x00\x00\x00\x00\x00\x00\x00\x00\x00\x00\x00\x00\x00\x00\x00\x00\x00\x00\x00\x00\x00\x00\x00\x00\x00\x00\x00\x00\x00\x00\x00\x00\x00\x00\x00\x00\x001234567890123456$\x00\x01\x00\x01\x00\x00\x00\x00\x00\x00\x001234567890123456\x00\x00\x00\x00\x00\x00\x00\x00\x02\x03" 400 157 "-" "-"
147.185.132.59 - - [14/Jun/2025:19:10:52 +0000] "\x00\x00\x00\xAC\xFESMB@\x00\x00\x00\x00\x00\x00\x00\x00\x00\x00\x00\x00\x00\x00\x00\x00\x00\x00\x00\x00\x00\x00\x00\x00\x00\x00\x00\x00\x00\x00\x00\x00\x00\x00\x00\x00\x00\x00\x00\x00\x00\x00\x001234567890123456$\x00\x01\x00\x01\x00\x00\x00\x00\x00\x00\x001234567890123456h\x00\x00\x00\x02\x00\x00\x00\x11\x03\x00\x00\x02\x00\x06\x00\x00\x00\x00\x00\x02\x00\x02\x00\x01\x00\x00\x00\x01\x00,\x00\x00\x00\x00\x00\x02\x00\x02\x00\x01\x00\x01\x00 \x00\x01\x00\x00\x00\x00\x00\x00\x00\x00\x00\x00\x00\x00\x00\x00\x00\x00\x00\x01\x00\x00\x00\x00\x00\x00\x00\x00\x00\x00\x00\x00\x00\x00\x00" 400 157 "-" "-"
44.202.57.223 - - [14/Jun/2025:19:24:28 +0000] "GET / HTTP/1.1" 200 2641 "-" "Mozilla/5.0 (Windows NT 10.0; Win64; x64) AppleWebKit/537.36 (KHTML, like Gecko) Chrome/129.0.0.0 Safari/537.36"
78.153.140.148 - - [14/Jun/2025:19:39:35 +0000] "GET /.env HTTP/1.1" 301 169 "-" "Mozilla/5.0 (Windows NT 10.0; Win64; x64) AppleWebKit/537.36 (KHTML, like Gecko) Chrome/116.0.5845.140 Safari/537.36"
78.153.140.148 - - [14/Jun/2025:19:39:35 +0000] "POST / HTTP/1.1" 301 169 "-" "Mozilla/5.0 (Windows NT 10.0; Win64; x64) AppleWebKit/537.36 (KHTML, like Gecko) Chrome/116.0.5845.140 Safari/537.36"
5.183.209.244 - - [14/Jun/2025:19:58:05 +0000] "GET / HTTP/1.1" 301 169 "-" "Mozilla/5.0 (Windows NT 10.0; Win64; x64) AppleWebKit/537.36 (KHTML, like Gecko) Chrome/90.0.4430.85 Safari/537.36 Edg/90.0.818.46"
92.118.39.57 - - [14/Jun/2025:19:58:27 +0000] "GET / HTTP/1.1" 301 169 "-" "-"
57.129.64.237 - - [14/Jun/2025:20:35:37 +0000] "GET / HTTP/1.1" 200 2641 "-" "Mozilla/5.0 (compatible; ModatScanner/1.0; +https://modat.io/)"
204.76.203.206 - - [14/Jun/2025:20:38:36 +0000] "GET / HTTP/1.1" 301 169 "-" "-"
198.235.24.107 - - [14/Jun/2025:20:44:25 +0000] "GET / HTTP/1.0" 301 169 "-" "Expanse, a Palo Alto Networks company, searches across the global IPv4 space multiple times per day to identify customers&#39; presences on the Internet. If you would like to be excluded from our scans, please send IP addresses/domains to: scaninfo@paloaltonetworks.com"
185.218.84.178 - - [14/Jun/2025:20:50:49 +0000] "GET / HTTP/1.1" 301 169 "-" "Mozilla/5.0 (Windows NT 10.0; Win64; x64) AppleWebKit/537.36 (KHTML, like Gecko) Chrome/90.0.4430.85 Safari/537.36 Edg/90.0.818.46"
204.76.203.208 - - [14/Jun/2025:20:52:56 +0000] "PROPFIND / HTTP/1.1" 405 157 "-" "-"
185.242.226.7 - - [14/Jun/2025:20:57:10 +0000] "GET / HTTP/1.1" 200 2641 "-" "Mozilla/5.0 (Windows NT 10.0; Win64; x64) AppleWebKit/537.36 (KHTML, like Gecko) Chrome/88.0.4324.190 Safari/537.36"
23.27.145.31 - - [14/Jun/2025:21:01:26 +0000] "GET / HTTP/1.1" 200 2641 "-" "Mozilla/5.0 (X11; Linux i686; rv:109.0) Gecko/20100101 Firefox/120.0"
161.35.87.217 - - [14/Jun/2025:21:12:21 +0000] "GET / HTTP/1.1" 301 169 "-" "Mozilla/5.0 zgrab/0.x"
161.35.87.217 - - [14/Jun/2025:21:12:21 +0000] "GET / HTTP/1.1" 200 2641 "http://40.113.165.192/" "Mozilla/5.0 zgrab/0.x"
70.39.90.24 - - [14/Jun/2025:21:17:00 +0000] "\x16\x03\x01\x00u\x01\x00\x00q\x03\x03\xAB\xADE7\xCB\xA2veU\xD9\xDE\x02\xFC\x97\x85pP\xBCB~\xD7\x91\xC8%*h\xE22a,\xAD\x16\x00\x00\x1A\xC0/\xC0+\xC0\x11\xC0\x07\xC0\x13\xC0\x09\xC0\x14\xC0" 400 157 "-" "-"
70.39.90.24 - - [14/Jun/2025:21:17:00 +0000] "\x16\x03\x01\x00u\x01\x00\x00q\x03\x03\xB1z\xF2\x85=\x05\xDF\x1F\x96I\xEA\x1C`\xF52p\x9D%\xE6\xB89\xB8\xA8\xEB\xE0\x8B\xCA\xE1\xAC\x82:/\x00\x00\x1A\xC0/\xC0+\xC0\x11\xC0\x07\xC0\x13\xC0\x09\xC0\x14\xC0" 400 157 "-" "-"
70.39.90.24 - - [14/Jun/2025:21:17:00 +0000] "\x16\x03\x01\x00u\x01\x00\x00q\x03\x031\xE1|\x8DS\xB8\xE4\x98{\x1Dlm" 400 157 "-" "-"
70.39.90.24 - - [14/Jun/2025:21:17:00 +0000] "GET /upl.php HTTP/1.1" 301 169 "-" "Mozilla/5.0"
70.39.90.24 - - [14/Jun/2025:21:17:01 +0000] "GET /password.php HTTP/1.1" 301 169 "-" "Mozilla/5.0 (Windows NT 10.0; Win64; x64) AppleWebKit/537.36 (KHTML, like Gecko) Chrome/108.0.0.0 Safari/537.36"
204.76.203.212 - - [14/Jun/2025:21:17:01 +0000] "GET / HTTP/1.1" 301 169 "-" "Mozilla/5.0 (Windows NT 10.0; Win64; x64) AppleWebKit/537.36 (KHTML, like Gecko) Chrome/90.0.4430.85 Safari/537.36 Edg/90.0.818.46"
70.39.90.24 - - [14/Jun/2025:21:17:01 +0000] "GET /form.html HTTP/1.1" 301 169 "-" "curl/8.1.2"
70.39.90.24 - - [14/Jun/2025:21:17:01 +0000] "GET /t4 HTTP/1.1" 301 169 "-" "Mozilla/5.0"
70.39.90.24 - - [14/Jun/2025:21:17:01 +0000] "GET /geoip/ HTTP/1.1" 301 169 "-" "Mozilla/5.0 (Windows NT 10.0; Win64; x64) AppleWebKit/537.36 (KHTML, like Gecko) Chrome/108.0.0.0 Safari/537.36"
70.39.90.24 - - [14/Jun/2025:21:17:02 +0000] "GET /favicon.ico HTTP/1.1" 301 169 "-" "Mozilla/5.0 (Windows NT 10.0; Win64; x64) AppleWebKit/537.36 (KHTML, like Gecko) Chrome/108.0.0.0 Safari/537.36"
70.39.90.24 - - [14/Jun/2025:21:17:02 +0000] "GET /1.php HTTP/1.1" 301 169 "-" "Mozilla/5.0 (Windows NT 10.0; Win64; x64) AppleWebKit/537.36 (KHTML, like Gecko) Chrome/108.0.0.0 Safari/537.36"
70.39.90.24 - - [14/Jun/2025:21:17:02 +0000] "GET /systembc/password.php HTTP/1.1" 301 169 "-" "Mozilla/5.0 (Windows NT 10.0; Win64; x64) AppleWebKit/537.36 (KHTML, like Gecko) Chrome/108.0.0.0 Safari/537.36"
149.57.180.191 - - [14/Jun/2025:21:31:27 +0000] "GET / HTTP/1.1" 200 2641 "-" "Mozilla/5.0 (X11; Linux i686; rv:109.0) Gecko/20100101 Firefox/120.0"
196.251.88.26 - - [14/Jun/2025:21:42:56 +0000] "GET / HTTP/1.1" 200 2641 "-" "Mozilla/5.0 (Linux; Android 9; Pixel) AppleWebKit/537.36 (KHTML, like Gecko) Chrome/76.0.3809.89 Mobile Safari/537.36"
104.152.52.164 - - [14/Jun/2025:21:43:37 +0000] "\x16\x03\x01\x00\xE6\x01\x00\x00\xE2\x03\x03C\xDE\x7FPx\xBB0\xB4\xAF\xE5u\xA2\x1Et\x9AR\xF9\x02\x9E\x5C\xDA0\xE2\x18\xBF\xFA\xDAG\xB02\x05= )\xB3\xD5[\x1D\xFC\xB3\x06\xD4\x22\xFD\x9D\xB8e|\xA9\xED\xECy\xE3\xFA\xA4\x14\xF04\x1D\x8F\xFE\xEE\x15q\xF1\x00\x1A\xC0+\xC0/\xC0,\xC00\xCC\xA9\xCC\xA8\xC0\x09\xC0\x13\xC0" 400 157 "-" "-"
104.152.52.154 - - [14/Jun/2025:21:43:37 +0000] "GET / HTTP/1.1" 301 169 "-" "curl/7.61.1"
196.251.88.26 - - [14/Jun/2025:21:45:45 +0000] "GET / HTTP/1.1" 200 2641 "-" "Mozilla/5.0 (X11; U; SunOS i86pc; en-US; rv:1.9.1b3) Gecko/20090429 Firefox/3.1b3"
89.42.231.140 - - [14/Jun/2025:21:47:55 +0000] "GET /cgi-bin/luci/;stok=/locale HTTP/1.1" 301 169 "-" "-"
89.42.231.140 - - [14/Jun/2025:21:47:55 +0000] "GET /cgi-bin/luci/;stok=/locale HTTP/1.1" 404 153 "http://40.113.165.192:80/cgi-bin/luci/;stok=/locale" "-"
78.153.140.148 - - [14/Jun/2025:22:05:31 +0000] "GET /.env HTTP/1.1" 301 169 "-" "Mozilla/5.0 (Windows NT 10.0; Win64; x64) AppleWebKit/537.36 (KHTML, like Gecko) Chrome/116.0.5845.140 Safari/537.36"
78.153.140.148 - - [14/Jun/2025:22:05:32 +0000] "POST / HTTP/1.1" 301 169 "-" "Mozilla/5.0 (Windows NT 10.0; Win64; x64) AppleWebKit/537.36 (KHTML, like Gecko) Chrome/116.0.5845.140 Safari/537.36"
20.15.225.63 - - [14/Jun/2025:22:16:16 +0000] "GET /actuator/health HTTP/1.1" 301 169 "-" "Mozilla/5.0 zgrab/0.x"
23.27.145.46 - - [14/Jun/2025:22:18:21 +0000] "GET / HTTP/1.1" 200 2641 "-" "Mozilla/5.0 (X11; Linux i686; rv:109.0) Gecko/20100101 Firefox/120.0"
78.153.140.252 - - [14/Jun/2025:22:19:44 +0000] "GET /.env HTTP/1.1" 404 555 "-" "Mozilla/5.0 (Windows NT 10.0; Win64; x64) AppleWebKit/537.36 (KHTML, like Gecko) Chrome/116.0.5845.140 Safari/537.36"
78.153.140.252 - - [14/Jun/2025:22:19:45 +0000] "POST / HTTP/1.1" 405 559 "-" "Mozilla/5.0 (Windows NT 10.0; Win64; x64) AppleWebKit/537.36 (KHTML, like Gecko) Chrome/116.0.5845.140 Safari/537.36"
185.218.84.178 - - [14/Jun/2025:22:34:06 +0000] "GET / HTTP/1.1" 301 169 "-" "Mozilla/5.0 (Windows NT 10.0; Win64; x64) AppleWebKit/537.36 (KHTML, like Gecko) Chrome/90.0.4430.85 Safari/537.36 Edg/90.0.818.46"
204.76.203.208 - - [14/Jun/2025:22:34:49 +0000] "PROPFIND / HTTP/1.1" 405 157 "-" "-"
149.50.103.48 - - [14/Jun/2025:22:37:19 +0000] "GET / HTTP/1.1" 301 169 "-" "Mozilla/5.0 (Windows NT 10.0; Win64; x64) AppleWebKit/537.36 (KHTML, like Gecko) Chrome/90.0.4430.85 Safari/537.36 Edg/90.0.818.46"
149.57.180.43 - - [14/Jun/2025:22:48:28 +0000] "GET / HTTP/1.1" 200 2641 "-" "Mozilla/5.0 (X11; Linux i686; rv:109.0) Gecko/20100101 Firefox/120.0"
35.203.210.103 - - [14/Jun/2025:22:49:58 +0000] "GET / HTTP/1.1" 200 2641 "-" "Expanse, a Palo Alto Networks company, searches across the global IPv4 space multiple times per day to identify customers&#39; presences on the Internet. If you would like to be excluded from our scans, please send IP addresses/domains to: scaninfo@paloaltonetworks.com"
209.38.206.136 - - [14/Jun/2025:23:15:07 +0000] "GET / HTTP/1.1" 301 169 "-" "Mozilla/5.0 (Windows NT 10.0; Win64; x64; rv:109.0) Gecko/20100101 Firefox/118.0"
31.43.185.42 - - [14/Jun/2025:23:15:48 +0000] "POST /global-protect/login.esp HTTP/1.1" 404 555 "-" "Mozilla/5.0 (Windows NT 10.0; Win64; x64) AppleWebKit/537.36 (KHTML, like Gecko) Chrome/115.0.0.0 Safari/537.36 Edg/115.0.1901.203"
23.27.145.147 - - [14/Jun/2025:23:18:38 +0000] "GET / HTTP/1.1" 200 2641 "-" "Mozilla/5.0 (X11; Linux i686; rv:109.0) Gecko/20100101 Firefox/120.0"
143.198.54.0 - - [14/Jun/2025:23:20:18 +0000] "GET /.git/config HTTP/1.1" 301 169 "-" "python-requests/2.25.1"
78.136.241.214 - - [14/Jun/2025:23:24:01 +0000] "GET / HTTP/1.1" 301 169 "-" "Hello-World/1.0"
78.136.241.214 - - [14/Jun/2025:23:24:01 +0000] "\x00\x00\x00\x00\x00\x00\x00\x00\x00\x00\x00\x00\x00\x00\x00\x00\x00\x00\x00\x00\x00\x00\x00\x00\x00\x00\x00\x00\x00\x00\x00\x00\x00\x00\x00\x00\x00\x00\x00\x00\x00\x00\x00\x00\x00\x00\x00\x00\x00\x00\x00\x00\x00\x00\x00\x00\x00\x00\x00\x00\x00\x00\x00\x00\x00\x00\x00\x00\x00\x00\x00\x00\x00\x00\x00\x00\x00\x00\x00\x00\x00\x00\x00\x00\x00\x00\x00\x00\x00\x00\x00\x00\x00\x00\x00\x00\x00\x00\x00\x00\x00\x00\x00\x00\x00\x00\x00\x00\x00\x00\x00\x00\x00\x00\x00\x00\x00\x00\x00\x00\x00\x00\x00\x00\x00\x00\x00\x00\x00\x00\x00\x00\x00\x00\x00\x00\x00\x00\x00\x00\x00\x00\x00\x00\x00\x00\x00\x00\x00\x00\x00\x00\x00\x00\x00\x00\x00\x00\x00\x00\x00\x00\x00" 400 157 "-" "-"
172.212.197.42 - - [14/Jun/2025:23:38:11 +0000] "GET / HTTP/1.0" 301 169 "-" "-"
172.212.197.42 - - [14/Jun/2025:23:38:12 +0000] "GET / HTTP/1.0" 200 2641 "-" "-"
198.235.24.29 - - [14/Jun/2025:23:40:02 +0000] "\x16\x03\x01\x00\xEE\x01\x00\x00\xEA\x03\x03\xA1\x96\xE1,o+\x14\x88:\xF4\xFF-\x00*8%\xA0\xE0;-\xE0\x04&V\xFCX\x93?7j\xB3\xDA \xFC,\x10\x80Z\x12\x9A\xD6\x02?\x0FG\xC0\xC3\xDA\xBC\xDF\xDE\xB2\x10\x06O\xBE\x95\xF7\x198\xACM*\x5C\xC6\x00&\xC0+\xC0/\xC0,\xC00\xCC\xA9\xCC\xA8\xC0\x09\xC0\x13\xC0" 400 157 "-" "-"
198.235.24.29 - - [14/Jun/2025:23:40:02 +0000] "\x16\x03\x01\x00\xCA\x01\x00\x00\xC6\x03\x03\x8A\xEB\xFEz#\x15>UZ\x8E\xD5\xC8" 400 157 "-" "-"
167.94.146.59 - - [14/Jun/2025:23:43:47 +0000] "GET / HTTP/1.1" 301 169 "-" "Mozilla/5.0 (compatible; CensysInspect/1.1; +https://about.censys.io/)"
